2019-11-11 10:42:17,041 - this is info
2019-11-11 10:42:17,042 - this is debug
2019-11-11 10:42:17,042 - this is warning
2019-11-11 10:42:17,042 - this is error
2019-11-11 10:42:17,042 - this is critical
